// Jest Snapshot v1, https://goo.gl/fbAQLP

exports[`Sidebar Component Snapshot Tests matches sidebar snapshot 1`] = `
<nav
  class="light-green h-[calc(100vh-1rem)] sticky top-2 flex flex-col w-fit pt-4 pb-4 m-2 large-border-radius z-50"
  data-testid="sidebar"
>
  <div
    class="flex flex-col justify-between h-full"
  >
    <div
      class="flex flex-col gap-[8px]"
    >
      <button
        class="mock-button"
        data-testid="button-início"
      >
        <svg
          data-testid="logo-icon"
        >
          Logo
        </svg>
        <span
          data-testid="tooltip-Início"
        >
          Início
        </span>
      </button>
      <button
        class="mock-button"
        data-testid="button-início"
      >
        <svg
          data-testid="home-icon"
        >
          Home
        </svg>
        <span
          data-testid="tooltip-Início"
        >
          Início
        </span>
      </button>
      <button
        class="mock-button"
        data-testid="button-perfil"
      >
        <svg
          data-testid="profile-icon"
        >
          Profile
        </svg>
        <span
          data-testid="tooltip-Perfil"
        >
          Perfil
        </span>
      </button>
      <button
        class="mock-button"
        data-testid="button-notificações"
      >
        <svg
          data-testid="notifications-icon"
        >
          Notifications
        </svg>
        <span
          data-testid="tooltip-Notificações"
        >
          Notificações
        </span>
      </button>
      <button
        class="mock-button"
        data-testid="button-configurações"
      >
        <svg
          data-testid="settings-icon"
        >
          Settings
        </svg>
        <span
          data-testid="tooltip-Configurações"
        >
          Configurações
        </span>
      </button>
    </div>
    <div>
      <button
        class="mock-button"
        data-testid="button-sair"
      >
        <svg
          data-testid="logout-icon"
        >
          Logout
        </svg>
        <span
          data-testid="tooltip-Sair"
        >
          Sair
        </span>
      </button>
    </div>
  </div>
  <section
    aria-atomic="false"
    aria-label="Notifications Alt+T"
    aria-live="polite"
    aria-relevant="additions text"
    class="Toastify"
  />
</nav>
`;

exports[`Sidebar Component Snapshot Tests matches snapshot with all buttons rendered 1`] = `
<div>
  <nav
    class="light-green h-[calc(100vh-1rem)] sticky top-2 flex flex-col w-fit pt-4 pb-4 m-2 large-border-radius z-50"
    data-testid="sidebar"
  >
    <div
      class="flex flex-col justify-between h-full"
    >
      <div
        class="flex flex-col gap-[8px]"
      >
        <button
          class="mock-button"
          data-testid="button-início"
        >
          <svg
            data-testid="logo-icon"
          >
            Logo
          </svg>
          <span
            data-testid="tooltip-Início"
          >
            Início
          </span>
        </button>
        <button
          class="mock-button"
          data-testid="button-início"
        >
          <svg
            data-testid="home-icon"
          >
            Home
          </svg>
          <span
            data-testid="tooltip-Início"
          >
            Início
          </span>
        </button>
        <button
          class="mock-button"
          data-testid="button-perfil"
        >
          <svg
            data-testid="profile-icon"
          >
            Profile
          </svg>
          <span
            data-testid="tooltip-Perfil"
          >
            Perfil
          </span>
        </button>
        <button
          class="mock-button"
          data-testid="button-notificações"
        >
          <svg
            data-testid="notifications-icon"
          >
            Notifications
          </svg>
          <span
            data-testid="tooltip-Notificações"
          >
            Notificações
          </span>
        </button>
        <button
          class="mock-button"
          data-testid="button-configurações"
        >
          <svg
            data-testid="settings-icon"
          >
            Settings
          </svg>
          <span
            data-testid="tooltip-Configurações"
          >
            Configurações
          </span>
        </button>
      </div>
      <div>
        <button
          class="mock-button"
          data-testid="button-sair"
        >
          <svg
            data-testid="logout-icon"
          >
            Logout
          </svg>
          <span
            data-testid="tooltip-Sair"
          >
            Sair
          </span>
        </button>
      </div>
    </div>
    <section
      aria-atomic="false"
      aria-label="Notifications Alt+T"
      aria-live="polite"
      aria-relevant="additions text"
      class="Toastify"
    />
  </nav>
</div>
`;
